[1m[33mwarning[0m: profiles for the non root package will be ignored, specify profiles at the workspace root:
package:   /home/lewis/src/oya/crates/oya-ui/Cargo.toml
workspace: /home/lewis/src/oya/Cargo.toml
[1m[33mwarning[0m: profiles for the non root package will be ignored, specify profiles at the workspace root:
package:   /home/lewis/src/oya/crates/oya-ui/Cargo.toml
workspace: /home/lewis/src/oya/Cargo.toml
[1m[92m  Installing[0m oya v0.1.0 (/home/lewis/src/oya)
[1m[92m    Updating[0m crates.io index
[1m[92m    Blocking[0m waiting for file lock on package cache
[1m[92m     Locking[0m 200 packages to latest compatible versions
[1m[92m      Adding[0m reqwest v0.12.28 [1m[33m(available: v0.13.2)[0m
[1m[92m    Blocking[0m waiting for file lock on package cache
[1m[92m    Blocking[0m waiting for file lock on package cache
[1m[92m   Compiling[0m bytes v1.11.1
[1m[92m   Compiling[0m cc v1.2.55
[1m[92m   Compiling[0m tracing-core v0.1.36
[1m[92m   Compiling[0m serde_core v1.0.228
[1m[92m   Compiling[0m futures-io v0.3.31
[1m[92m   Compiling[0m bitflags v2.10.0
[1m[92m   Compiling[0m hashbrown v0.16.1
[1m[92m   Compiling[0m log v0.4.29
[1m[92m   Compiling[0m serde v1.0.228
[1m[92m   Compiling[0m regex-syntax v0.8.9
[1m[92m   Compiling[0m serde_json v1.0.149
[1m[92m   Compiling[0m clap_builder v4.5.57
[1m[92m   Compiling[0m anyhow v1.0.101
[1m[92m   Compiling[0m url v2.5.8
[1m[92m   Compiling[0m tracing v0.1.44
[1m[92m   Compiling[0m futures-util v0.3.31
[1m[92m   Compiling[0m tracing-log v0.2.0
[1m[92m   Compiling[0m indexmap v2.13.0
[1m[92m   Compiling[0m regex-automata v0.4.14
[1m[92m   Compiling[0m clap v4.5.57
[1m[92m   Compiling[0m tokio v1.49.0
[1m[92m   Compiling[0m http v1.4.0
[1m[92m   Compiling[0m openssl-sys v0.9.111
[1m[92m   Compiling[0m openssl v0.10.75
[1m[92m   Compiling[0m native-tls v0.2.14
[1m[92m   Compiling[0m http-body v1.0.1
[1m[92m   Compiling[0m http-body-util v0.1.3
[1m[92m   Compiling[0m serde_urlencoded v0.7.1
[1m[92m   Compiling[0m matchers v0.2.0
[1m[92m   Compiling[0m tracing-subscriber v0.3.22
[1m[92m   Compiling[0m tokio-util v0.7.18
[1m[92m   Compiling[0m tower v0.5.3
[1m[92m   Compiling[0m tokio-native-tls v0.3.1
[1m[92m   Compiling[0m tower-http v0.6.8
[1m[92m   Compiling[0m h2 v0.4.13
[1m[92m   Compiling[0m hyper v1.8.1
[1m[92m   Compiling[0m hyper-util v0.1.20
[1m[92m   Compiling[0m hyper-tls v0.6.0
[1m[92m   Compiling[0m reqwest v0.12.28
[1m[92m   Compiling[0m oya v0.1.0 (/home/lewis/src/oya)
[1m[92m    Finished[0m ]8;;https://doc.rust-lang.org/cargo/reference/profiles.html#default-profiles\`release` profile [optimized]]8;;\ target(s) in 19.21s
[1m[92m  Installing[0m /home/lewis/.local/bin/oya
[1m[92m   Installed[0m package `oya v0.1.0 (/home/lewis/src/oya)` (executable `oya`)