Diff in /home/lewis/src/oya/crates/events/benches/event_throughput.rs:26:
     for size in file_sizes {
         let size_label = format!("{}_bytes", size);
 
[31m-        group.bench_with_input(
(B[m[31m-            BenchmarkId::new("read", &size_label),
(B[m[31m-            &size,
(B[m[31m-            |b, &size| {
(B[m[31m-                // Create test data
(B[m[31m-                let data = vec![0u8; size];
(B[m[32m+        group.bench_with_input(BenchmarkId::new("read", &size_label), &size, |b, &size| {
(B[m[32m+            // Create test data
(B[m[32m+            let data = vec![0u8; size];
(B[m 
[31m-                b.iter(|| {
(B[m[31m-                    // Simulate read operation
(B[m[31m-                    let _ = black_box(&data).len();
(B[m[31m-                });
(B[m[31m-            },
(B[m[31m-        );
(B[m[32m+            b.iter(|| {
(B[m[32m+                // Simulate read operation
(B[m[32m+                let _ = black_box(&data).len();
(B[m[32m+            });
(B[m[32m+        });
(B[m     }
 
     group.finish();
Diff in /home/lewis/src/oya/crates/events/benches/event_throughput.rs:53:
     let batch_sizes = vec![10, 100, 1000];
 
     for size in batch_sizes {
[31m-        group.bench_with_input(
(B[m[31m-            BenchmarkId::new("process", &size),
(B[m[31m-            &size,
(B[m[31m-            |b, &size| {
(B[m[31m-                b.iter(|| {
(B[m[31m-                    // Simulate processing a batch of events
(B[m[31m-                    let events: Vec<u64> = (0..size).collect();
(B[m[31m-                    let _sum: u64 = events.iter().map(|&x| black_box(x)).sum();
(B[m[31m-                });
(B[m[31m-            },
(B[m[31m-        );
(B[m[32m+        group.bench_with_input(BenchmarkId::new("process", &size), &size, |b, &size| {
(B[m[32m+            b.iter(|| {
(B[m[32m+                // Simulate processing a batch of events
(B[m[32m+                let events: Vec<u64> = (0..size).collect();
(B[m[32m+                let _sum: u64 = events.iter().map(|&x| black_box(x)).sum();
(B[m[32m+            });
(B[m[32m+        });
(B[m     }
 
     group.finish();
Diff in /home/lewis/src/oya/crates/events/benches/fsync_overhead.rs:112:
                 b.iter(|| {
                     let future = benchmark_fsync_overhead(black_box(size));
                     match rt.block_on(future) {
[31m-                        Ok(_) => {},
(B[m[32m+                        Ok(_) => {}
(B[m                         Err(e) => eprintln!("Benchmark error: {}", e),
                     }
                 });
Diff in /home/lewis/src/oya/crates/events/benches/fsync_overhead.rs:135:
                 b.iter(|| {
                     let future = benchmark_write_no_fsync(black_box(size));
                     match rt.block_on(future) {
[31m-                        Ok(_) => {},
(B[m[32m+                        Ok(_) => {}
(B[m                         Err(e) => eprintln!("Benchmark error: {}", e),
                     }
                 });
Diff in /home/lewis/src/oya/crates/events/src/lib.rs:60:
 pub use projection::{
     AllBeadsProjection, AllBeadsState, BeadProjection, ManagedProjection, Projection,
 };
[32m+pub use replay::{
(B[m[32m+    create_tracker, EventFilter, EventLoader, LoadError, ReplayProgress, ReplayTracker,
(B[m[32m+};
(B[m pub use stage::{
     BeadStateMachine, ExhaustionPolicy, RecursionPolicy, Severity, StageKind, StageTransition,
     StateMachineError, TransitionReason,
Diff in /home/lewis/src/oya/crates/events/src/lib.rs:66:
[31m-};
(B[m[31m-pub use replay::{
(B[m[31m-    create_tracker, EventFilter, EventLoader, LoadError, ReplayProgress, ReplayTracker,
(B[m };
 pub use store::{EventStore, InMemoryEventStore, TracingEventStore};
 pub use types::{
Diff in /home/lewis/src/oya/crates/events/src/projection.rs:230:
 
         // Validate transition is allowed by state machine
         if !from.can_transition_to(to) {
[31m-            return Err(ApplyError::InvalidTransition {
(B[m[31m-                bead_id,
(B[m[31m-                from,
(B[m[31m-                to,
(B[m[31m-            });
(B[m[32m+            return Err(ApplyError::InvalidTransition { bead_id, from, to });
(B[m         }
 
         Ok(())
Diff in /home/lewis/src/oya/crates/events/src/projection.rs:351:
 
                 let from = bead.current_state;
                 bead.current_state = BeadState::Completed;
[31m-                bead.history.push(StateTransition::new(from, BeadState::Completed));
(B[m[32m+                bead.history
(B[m[32m+                    .push(StateTransition::new(from, BeadState::Completed));
(B[m 
                 self.decrement_count(&from);
                 self.increment_count(BeadState::Completed);
Diff in /home/lewis/src/oya/crates/events/src/projection.rs:471:
                 if let Some(bead) = state.beads.get_mut(bead_id) {
                     let from = bead.current_state;
                     bead.current_state = BeadState::Completed;
[31m-                    bead.history.push(StateTransition::new(from, BeadState::Completed));
(B[m[32m+                    bead.history
(B[m[32m+                        .push(StateTransition::new(from, BeadState::Completed));
(B[m 
                     if let Some(count) = state.state_counts.get_mut(&from) {
                         *count = count.saturating_sub(1);
Diff in /home/lewis/src/oya/crates/events/src/projection.rs:1529:
         let bead_id = BeadId::new();
         proj.apply(
             &mut state,
[31m-            &BeadEvent::created(bead_id, BeadSpec::new("Test").with_complexity(Complexity::Simple)),
(B[m[32m+            &BeadEvent::created(
(B[m[32m+                bead_id,
(B[m[32m+                BeadSpec::new("Test").with_complexity(Complexity::Simple),
(B[m[32m+            ),
(B[m         );
 
         proj.apply(
Diff in /home/lewis/src/oya/crates/events/src/projection.rs:1537:
             &BeadEvent::stage_started(bead_id, StageKind::Implement, 1),
         );
 
[31m-        assert_eq!(state.beads.get(&bead_id).and_then(|b| b.current_stage), Some(StageKind::Implement));
(B[m[32m+        assert_eq!(
(B[m[32m+            state.beads.get(&bead_id).and_then(|b| b.current_stage),
(B[m[32m+            Some(StageKind::Implement)
(B[m[32m+        );
(B[m     }
 
     #[test]
Diff in /home/lewis/src/oya/crates/events/src/projection.rs:1547:
         let bead_id = BeadId::new();
         proj.apply(
             &mut state,
[31m-            &BeadEvent::created(bead_id, BeadSpec::new("Test").with_complexity(Complexity::Simple)),
(B[m[32m+            &BeadEvent::created(
(B[m[32m+                bead_id,
(B[m[32m+                BeadSpec::new("Test").with_complexity(Complexity::Simple),
(B[m[32m+            ),
(B[m         );
 
[31m-        proj.apply(&mut state, &BeadEvent::stage_started(bead_id, StageKind::Implement, 1));
(B[m[31m-        proj.apply(&mut state, &BeadEvent::stage_started(bead_id, StageKind::Implement, 2));
(B[m[31m-        proj.apply(&mut state, &BeadEvent::stage_started(bead_id, StageKind::Implement, 3));
(B[m[32m+        proj.apply(
(B[m[32m+            &mut state,
(B[m[32m+            &BeadEvent::stage_started(bead_id, StageKind::Implement, 1),
(B[m[32m+        );
(B[m[32m+        proj.apply(
(B[m[32m+            &mut state,
(B[m[32m+            &BeadEvent::stage_started(bead_id, StageKind::Implement, 2),
(B[m[32m+        );
(B[m[32m+        proj.apply(
(B[m[32m+            &mut state,
(B[m[32m+            &BeadEvent::stage_started(bead_id, StageKind::Implement, 3),
(B[m[32m+        );
(B[m 
         assert_eq!(
             state
Diff in /home/lewis/src/oya/crates/events/src/projection.rs:1570:
         let bead_id = BeadId::new();
         proj.apply(
             &mut state,
[31m-            &BeadEvent::created(bead_id, BeadSpec::new("Test").with_complexity(Complexity::Simple)),
(B[m[32m+            &BeadEvent::created(
(B[m[32m+                bead_id,
(B[m[32m+                BeadSpec::new("Test").with_complexity(Complexity::Simple),
(B[m[32m+            ),
(B[m         );
 
         proj.apply(
Diff in /home/lewis/src/oya/crates/events/src/projection.rs:1599:
         let bead_id = BeadId::new();
         proj.apply(
             &mut state,
[31m-            &BeadEvent::created(bead_id, BeadSpec::new("Test").with_complexity(Complexity::Simple)),
(B[m[32m+            &BeadEvent::created(
(B[m[32m+                bead_id,
(B[m[32m+                BeadSpec::new("Test").with_complexity(Complexity::Simple),
(B[m[32m+            ),
(B[m         );
 
         proj.apply(
Diff in /home/lewis/src/oya/crates/events/src/projection.rs:1613:
             ),
         );
 
[31m-        assert_eq!(state.beads.get(&bead_id).and_then(|b| b.current_stage), Some(StageKind::Plan));
(B[m[32m+        assert_eq!(
(B[m[32m+            state.beads.get(&bead_id).and_then(|b| b.current_stage),
(B[m[32m+            Some(StageKind::Plan)
(B[m[32m+        );
(B[m     }
 
     #[test]
Diff in /home/lewis/src/oya/crates/events/src/projection.rs:1623:
         let bead_id = BeadId::new();
         proj.apply(
             &mut state,
[31m-            &BeadEvent::created(bead_id, BeadSpec::new("Test").with_complexity(Complexity::Simple)),
(B[m[32m+            &BeadEvent::created(
(B[m[32m+                bead_id,
(B[m[32m+                BeadSpec::new("Test").with_complexity(Complexity::Simple),
(B[m[32m+            ),
(B[m         );
 
         proj.apply(
Diff in /home/lewis/src/oya/crates/events/src/projection.rs:1645:
 
         let bead_id = BeadId::new();
         let events = vec![
[31m-            BeadEvent::created(bead_id, BeadSpec::new("Test").with_complexity(Complexity::Simple)),
(B[m[32m+            BeadEvent::created(
(B[m[32m+                bead_id,
(B[m[32m+                BeadSpec::new("Test").with_complexity(Complexity::Simple),
(B[m[32m+            ),
(B[m             BeadEvent::stage_started(bead_id, StageKind::Research, 1),
             BeadEvent::stage_completed(bead_id, StageKind::Research, None),
             BeadEvent::stage_failed(
Diff in /home/lewis/src/oya/crates/events/src/projection.rs:1677:
         };
 
         assert_eq!(
[31m-            incremental.beads.get(&bead_id).and_then(|b| b.current_stage),
(B[m[31m-            rebuilt_state.beads.get(&bead_id).and_then(|b| b.current_stage)
(B[m[32m+            incremental
(B[m[32m+                .beads
(B[m[32m+                .get(&bead_id)
(B[m[32m+                .and_then(|b| b.current_stage),
(B[m[32m+            rebuilt_state
(B[m[32m+                .beads
(B[m[32m+                .get(&bead_id)
(B[m[32m+                .and_then(|b| b.current_stage)
(B[m         );
         assert_eq!(
             incremental
Diff in /home/lewis/src/oya/crates/workflow/src/checkpoint/compression.rs:326:
     fn test_compress_with_level_succeeds_for_structured_data() {
         let data = generate_structured_data(10_000);
         let result = compress_with_level(&data, 3);
[31m-        assert!(result.is_ok(), "Compression should succeed for structured data");
(B[m[32m+        assert!(
(B[m[32m+            result.is_ok(),
(B[m[32m+            "Compression should succeed for structured data"
(B[m[32m+        );
(B[m     }
 
     #[test]
Diff in /home/lewis/src/oya/crates/workflow/src/checkpoint/compression.rs:349:
         assert!(result.is_ok(), "Compression should succeed for empty data");
 
         let compressed = result.map_or_else(|_| Vec::new(), |c| c);
[31m-        assert_eq!(compressed.len(), 0, "Empty input should produce empty output");
(B[m[32m+        assert_eq!(
(B[m[32m+            compressed.len(),
(B[m[32m+            0,
(B[m[32m+            "Empty input should produce empty output"
(B[m[32m+        );
(B[m     }
 
     #[test]
Diff in /home/lewis/src/oya/crates/workflow/src/checkpoint/compression.rs:356:
     fn test_compress_with_default_level_3() {
         let data = b"test data";
         let result = compress(data);
[31m-        assert!(result.is_ok(), "Compression with default level should succeed");
(B[m[32m+        assert!(
(B[m[32m+            result.is_ok(),
(B[m[32m+            "Compression with default level should succeed"
(B[m[32m+        );
(B[m     }
 
     #[test]
Diff in /home/lewis/src/oya/crates/workflow/src/checkpoint/compression.rs:430:
             let result = compress_with_level(data, level)
                 .and_then(|compressed| decompress(&compressed, data.len()));
 
[31m-            assert!(result.is_ok(), "Roundtrip should succeed for level {}", level);
(B[m[32m+            assert!(
(B[m[32m+                result.is_ok(),
(B[m[32m+                "Roundtrip should succeed for level {}",
(B[m[32m+                level
(B[m[32m+            );
(B[m             let decompressed = result.map_or_else(|_| Vec::new(), |d| d);
             assert_eq!(
                 decompressed, data,
Diff in /home/lewis/src/oya/crates/workflow/src/checkpoint/compression.rs:450:
         assert!(decompressed.is_ok(), "Decompression should succeed");
 
         let decompressed_data = decompressed.map_or_else(|_| Vec::new(), |d| d);
[31m-        assert_eq!(decompressed_data, data, "Structured checkpoint data should roundtrip");
(B[m[32m+        assert_eq!(
(B[m[32m+            decompressed_data, data,
(B[m[32m+            "Structured checkpoint data should roundtrip"
(B[m[32m+        );
(B[m     }
 
     #[test]
Diff in /home/lewis/src/oya/crates/workflow/src/checkpoint/compression.rs:517:
         assert!(result.is_err(), "Should return error for negative level");
 
         let err = result.map_err(|e| e.to_string()).unwrap_err();
[31m-        assert!(err.contains("zstd compression failed"), "Error should mention zstd");
(B[m[32m+        assert!(
(B[m[32m+            err.contains("zstd compression failed"),
(B[m[32m+            "Error should mention zstd"
(B[m[32m+        );
(B[m     }
 
     #[test]
Diff in /home/lewis/src/oya/crates/workflow/src/checkpoint/compression.rs:527:
         assert!(result.is_err(), "Should return error for level > 21");
 
         let err = result.map_err(|e| e.to_string()).unwrap_err();
[31m-        assert!(err.contains("zstd compression failed"), "Error should mention zstd");
(B[m[32m+        assert!(
(B[m[32m+            err.contains("zstd compression failed"),
(B[m[32m+            "Error should mention zstd"
(B[m[32m+        );
(B[m     }
 
     #[test]
Diff in /home/lewis/src/oya/crates/workflow/src/checkpoint/compression.rs:537:
         assert!(result.is_err(), "Should return error for invalid data");
 
         let err = result.map_err(|e| e.to_string()).unwrap_err();
[31m-        assert!(err.contains("zstd decompression failed"), "Error should mention zstd");
(B[m[32m+        assert!(
(B[m[32m+            err.contains("zstd decompression failed"),
(B[m[32m+            "Error should mention zstd"
(B[m[32m+        );
(B[m     }
 
     #[test]
Diff in /home/lewis/src/oya/crates/workflow/src/checkpoint/compression.rs:573:
     fn test_decompress_auto_returns_error_when_all_strategies_fail() {
         let invalid_data = b"invalid zstd data that will fail all strategies";
         let result = decompress_auto(invalid_data);
[31m-        assert!(result.is_err(), "Should return error when all strategies fail");
(B[m[32m+        assert!(
(B[m[32m+            result.is_err(),
(B[m[32m+            "Should return error when all strategies fail"
(B[m[32m+        );
(B[m 
         let err = result.map_err(|e| e.to_string()).unwrap_err();
[31m-        assert!(err.contains("all buffer strategies failed"), "Error should mention strategy failure");
(B[m[32m+        assert!(
(B[m[32m+            err.contains("all buffer strategies failed"),
(B[m[32m+            "Error should mention strategy failure"
(B[m[32m+        );
(B[m     }
 
     #[test]
Diff in /home/lewis/src/oya/crates/workflow/src/checkpoint/compression.rs:663:
         assert!(result.is_ok(), "Empty slice should succeed");
 
         let compressed = result.map_or_else(|_| Vec::new(), |c| c);
[31m-        assert_eq!(compressed.len(), 0, "Empty input should produce empty output");
(B[m[32m+        assert_eq!(
(B[m[32m+            compressed.len(),
(B[m[32m+            0,
(B[m[32m+            "Empty input should produce empty output"
(B[m[32m+        );
(B[m     }
 
     #[test]
Diff in /home/lewis/src/oya/crates/workflow/src/checkpoint/compression.rs:682:
     #[test]
     fn test_compression_ratio_with_zero_uncompressed_size() {
         let ratio = compression_ratio(0, 100);
[31m-        assert_eq!(ratio, 0.0, "Ratio should be 0.0 when uncompressed size is 0");
(B[m[32m+        assert_eq!(
(B[m[32m+            ratio, 0.0,
(B[m[32m+            "Ratio should be 0.0 when uncompressed size is 0"
(B[m[32m+        );
(B[m     }
 
     #[test]
Diff in /home/lewis/src/oya/crates/workflow/src/checkpoint/compression.rs:718:
         );
 
         let ratio = compression_ratio(data.len() as u64, compressed.len() as u64);
[31m-        assert!(ratio > 100.0, "Uniform data should have high compression ratio");
(B[m[32m+        assert!(
(B[m[32m+            ratio > 100.0,
(B[m[32m+            "Uniform data should have high compression ratio"
(B[m[32m+        );
(B[m     }
 
     #[test]
Diff in /home/lewis/src/oya/crates/workflow/src/checkpoint/compression.rs:764:
         assert!(decompressed.is_ok(), "Decompression should succeed");
 
         let output_len = decompressed.map_or_else(|_| 0, |d| d.len());
[31m-        assert_eq!(output_len, data.len(), "Postcondition: output size matches expected");
(B[m[32m+        assert_eq!(
(B[m[32m+            output_len,
(B[m[32m+            data.len(),
(B[m[32m+            "Postcondition: output size matches expected"
(B[m[32m+        );
(B[m     }
 
     #[test]
Diff in /home/lewis/src/oya/crates/workflow/src/checkpoint/compression.rs:803:
         assert_eq!(saved, 500, "Postcondition: savings ≥ 0");
 
         let saved_zero = space_savings(500, 1000);
[31m-        assert_eq!(saved_zero, 0, "Postcondition: savings should be 0 when compressed > input");
(B[m[32m+        assert_eq!(
(B[m[32m+            saved_zero, 0,
(B[m[32m+            "Postcondition: savings should be 0 when compressed > input"
(B[m[32m+        );
(B[m     }
 
     #[test]
Diff in /home/lewis/src/oya/crates/core/src/result.rs:593:
             }
         }
 
[31m-        let result = validate_input(21)
(B[m[31m-            .map(double_value)
(B[m[31m-            .and_then(ensure_even);
(B[m[32m+        let result = validate_input(21).map(double_value).and_then(ensure_even);
(B[m 
         assert!(result.is_ok());
         if let Ok(v) = result {
Diff in /home/lewis/src/oya/crates/orchestrator/src/actors/queue.rs:72:
             }
             QueueType::RoundRobin => {
                 let tenant = tenant_id.unwrap_or_else(|| String::from("default"));
[31m-                let queue = self
(B[m[31m-                    .tenant_queues
(B[m[31m-                    .entry(tenant.clone())
(B[m[31m-                    .or_default();
(B[m[32m+                let queue = self.tenant_queues.entry(tenant.clone()).or_default();
(B[m                 if queue.is_empty() {
                     self.tenant_rotation.push_back(tenant);
                 }
Diff in /home/lewis/src/oya/crates/oya-ipc/src/transport.rs:9:
 //! - Use within actor context for safe concurrent access
 
 use crate::{
[31m-    TransportError, TransportResult, LENGTH_PREFIX_SIZE, MAX_FRAME_SIZE, MAX_PAYLOAD_SIZE,
(B[m[32m+    LENGTH_PREFIX_SIZE, MAX_FRAME_SIZE, MAX_PAYLOAD_SIZE, TransportError, TransportResult,
(B[m };
[31m-use serde::{de::DeserializeOwned, Serialize};
(B[m[32m+use serde::{Serialize, de::DeserializeOwned};
(B[m use std::io::{BufRead, BufReader, BufWriter, Read, Write};
 
 /// Transport layer for length-prefixed bincode messages.
Diff in /home/lewis/src/oya/crates/zellij-frontend/src/plugin.rs:544:
     ///
     /// Returns a vector of (key, action description) tuples.
     /// Empty vector if no keybindings defined (no error).
[31m-    fn get_keybindings_for_pane(&self, pane_type: crate::layout::PaneType) -> Vec<(char, &'static str)> {
(B[m[32m+    fn get_keybindings_for_pane(
(B[m[32m+        &self,
(B[m[32m+        pane_type: crate::layout::PaneType,
(B[m[32m+    ) -> Vec<(char, &'static str)> {
(B[m         match pane_type {
             crate::layout::PaneType::BeadList => vec![
                 ('j', "Move down"),
Diff in /home/lewis/src/oya/crates/zellij-frontend/src/plugin.rs:560:
                 ('r', "Run pipeline"),
                 ('a', "Approve task"),
             ],
[31m-            crate::layout::PaneType::PipelineView => vec![
(B[m[31m-                ('\t', "Switch pane"),
(B[m[31m-                ('g', "Refresh tasks"),
(B[m[31m-            ],
(B[m[31m-            crate::layout::PaneType::WorkflowGraph => vec![
(B[m[31m-                ('\t', "Switch pane"),
(B[m[31m-            ],
(B[m[32m+            crate::layout::PaneType::PipelineView => {
(B[m[32m+                vec![('\t', "Switch pane"), ('g', "Refresh tasks")]
(B[m[32m+            }
(B[m[32m+            crate::layout::PaneType::WorkflowGraph => vec![('\t', "Switch pane")],
(B[m         }
     }
 
Diff in /home/lewis/src/oya/crates/zellij-frontend/src/render.rs:468:
         const OVERLAY_WIDTH: usize = 40;
 
         // Center overlay in terminal
[31m-        let start_row = terminal_rows.saturating_sub(overlay_height).saturating_div(2);
(B[m[31m-        let start_col = terminal_cols.saturating_sub(OVERLAY_WIDTH).saturating_div(2);
(B[m[32m+        let start_row = terminal_rows
(B[m[32m+            .saturating_sub(overlay_height)
(B[m[32m+            .saturating_div(2);
(B[m[32m+        let start_col = terminal_cols
(B[m[32m+            .saturating_sub(OVERLAY_WIDTH)
(B[m[32m+            .saturating_div(2);
(B[m 
         let mut output = String::new();
 
Diff in /home/lewis/src/oya/crates/zellij-frontend/src/render.rs:483:
 
         // Render keybindings
         for (key, action) in keybindings {
[31m-            write!(output, "\x1b[{};{}H", start_row.saturating_add(output.lines().count()), start_col)
(B[m[31m-                .ok();
(B[m[32m+            write!(
(B[m[32m+                output,
(B[m[32m+                "\x1b[{};{}H",
(B[m[32m+                start_row.saturating_add(output.lines().count()),
(B[m[32m+                start_col
(B[m[32m+            )
(B[m[32m+            .ok();
(B[m 
             let key_display = if *key == '\t' {
                 "Tab".to_string()
