[1m[33mwarning[0m: profiles for the non root package will be ignored, specify profiles at the workspace root:
package:   /home/lewis/src/oya/crates/oya-ui/Cargo.toml
workspace: /home/lewis/src/oya/Cargo.toml
[1m[92m    Blocking[0m waiting for file lock on package cache
[1m[92m    Blocking[0m waiting for file lock on package cache
[1m[92m    Blocking[0m waiting for file lock on package cache
[1m[92m    Blocking[0m waiting for file lock on package cache
[1m[92m   Compiling[0m futures-util v0.3.31
[1m[92m   Compiling[0m zstd-sys v2.0.16+zstd.1.5.7
[1m[92m   Compiling[0m surrealdb-librocksdb-sys v0.17.3+10.6.2
[1m[92m   Compiling[0m hyper v1.8.1
[1m[92m   Compiling[0m oya-core v0.1.0 (/home/lewis/src/oya/crates/core)
[1m[92m   Compiling[0m cedar-policy v2.4.2
[1m[92m   Compiling[0m native-tls v0.2.14
[1m[92m   Compiling[0m zstd-safe v7.2.4
[1m[92m   Compiling[0m tokio-stream v0.1.18
[1m[92m   Compiling[0m tracing-subscriber v0.3.22
[1m[92m   Compiling[0m oya-ui v0.1.0 (/home/lewis/src/oya/crates/oya-ui)
[1m[92m   Compiling[0m oya-ipc v0.1.0 (/home/lewis/src/oya/crates/oya-ipc)
[1m[92m   Compiling[0m clap_builder v4.5.57
[1m[92m   Compiling[0m anyhow v1.0.101
[1m[92m   Compiling[0m oya-profiling v0.1.0 (/home/lewis/src/oya/tools/profiling)
[1m[33mwarning[0m[1m: function `textwrap` is never used[0m
   [1m[94m--> [0mcrates/oya-ui/src/render.rs:419:4
    [1m[94m|[0m
[1m[94m419[0m [1m[94m|[0m fn textwrap(text: &str, width: usize) -> Vec<String> {
    [1m[94m|[0m    [1m[33m^^^^^^^^[0m
    [1m[94m|[0m
    [1m[94m= [0m[1mnote[0m: `#[warn(dead_code)]` (part of `#[warn(unused)]`) on by default

