[1m[33mwarning[0m: profiles for the non root package will be ignored, specify profiles at the workspace root:
package:   /home/lewis/src/oya/crates/zellij-frontend/Cargo.toml
workspace: /home/lewis/src/oya/Cargo.toml
[1m[92m    Blocking[0m waiting for file lock on package cache
[1m[92m    Blocking[0m waiting for file lock on package cache
[1m[92m    Blocking[0m waiting for file lock on package cache
[1m[92m    Blocking[0m waiting for file lock on package cache
[1m[33mwarning[0m[1m: unused import: `std::sync::Arc`[0m
  [1m[94m--> [0mcrates/core/src/execution.rs:30:5
   [1m[94m|[0m
[1m[94m30[0m [1m[94m|[0m use std::sync::Arc;
   [1m[94m|[0m     [1m[33m^^^^^^^^^^^^^^[0m
   [1m[94m|[0m
   [1m[94m= [0m[1mnote[0m: `#[warn(unused_imports)]` (part of `#[warn(unused)]`) on by default

[1m[33mwarning[0m[1m: variable does not need to be mutable[0m
   [1m[94m--> [0mcrates/core/src/execution.rs:427:13
    [1m[94m|[0m
[1m[94m427[0m [1m[94m|[0m         let mut failed = Vec::new();
    [1m[94m|[0m             [1m[94m----[0m[1m[33m^^^^^^[0m
    [1m[94m|[0m             [1m[94m|[0m
    [1m[94m|[0m             [1m[94mhelp: remove this `mut`[0m
    [1m[94m|[0m
    [1m[94m= [0m[1mnote[0m: `#[warn(unused_mut)]` (part of `#[warn(unused)]`) on by default

[1m[33mwarning[0m[1m: variable does not need to be mutable[0m
   [1m[94m--> [0mcrates/core/src/execution.rs:428:13
    [1m[94m|[0m
[1m[94m428[0m [1m[94m|[0m         let mut rolled_back = Vec::new();
    [1m[94m|[0m             [1m[94m----[0m[1m[33m^^^^^^^^^^^[0m
    [1m[94m|[0m             [1m[94m|[0m
    [1m[94m|[0m             [1m[94mhelp: remove this `mut`[0m

[1m[33mwarning[0m[1m: variable does not need to be mutable[0m
   [1m[94m--> [0mcrates/core/src/execution.rs:429:13
    [1m[94m|[0m
[1m[94m429[0m [1m[94m|[0m         let mut timed_out = Vec::new();
    [1m[94m|[0m             [1m[94m----[0m[1m[33m^^^^^^^^^[0m
    [1m[94m|[0m             [1m[94m|[0m
    [1m[94m|[0m             [1m[94mhelp: remove this `mut`[0m

[1m[33mwarning[0m[1m: variable does not need to be mutable[0m
   [1m[94m--> [0mcrates/core/src/execution.rs:430:13
    [1m[94m|[0m
[1m[94m430[0m [1m[94m|[0m         let mut rollback_failed = Vec::new();
    [1m[94m|[0m             [1m[94m----[0m[1m[33m^^^^^^^^^^^^^^^[0m
    [1m[94m|[0m             [1m[94m|[0m
    [1m[94m|[0m             [1m[94mhelp: remove this `mut`[0m

[1m[33mwarning[0m[1m: unused variable: `task`[0m
   [1m[94m--> [0mcrates/core/src/execution.rs:467:21
    [1m[94m|[0m
[1m[94m467[0m [1m[94m|[0m                 let task =
    [1m[94m|[0m                     [1m[33m^^^^[0m [1m[33mhelp: if this is intentional, prefix it with an underscore: `_task`[0m
    [1m[94m|[0m
    [1m[94m= [0m[1mnote[0m: `#[warn(unused_variables)]` (part of `#[warn(unused)]`) on by default

[1m[33mwarning[0m: `oya-core` (lib) generated 6 warnings (run `cargo fix --lib -p oya-core` to apply 6 suggestions)
[1m[92m    Checking[0m oya-web v0.1.0 (/home/lewis/src/oya/crates/oya-web)
[1m[33mwarning[0m[1m: unused variable: `e`[0m
   [1m[94m--> [0mcrates/zellij-frontend/src/state.rs:194:56
    [1m[94m|[0m
[1m[94m194[0m [1m[94m|[0m                     std::fs::metadata(parent).map_err(|e| StateError::DirectoryNotAvailable {
    [1m[94m|[0m                                                        [1m[33m^[0m [1m[33mhelp: if this is intentional, prefix it with an underscore: `_e`[0m
    [1m[94m|[0m
    [1m[94m= [0m[1mnote[0m: `#[warn(unused_variables)]` (part of `#[warn(unused)]`) on by default

[1m[33mwarning[0m[1m: function `textwrap` is never used[0m
   [1m[94m--> [0mcrates/zellij-frontend/src/render.rs:622:4
    [1m[94m|[0m
[1m[94m622[0m [1m[94m|[0m fn textwrap(text: &str, width: usize) -> Vec<String> {
    [1m[94m|[0m    [1m[33m^^^^^^^^[0m
    [1m[94m|[0m
    [1m[94m= [0m[1mnote[0m: `#[warn(dead_code)]` (part of `#[warn(unused)]`) on by default

[1m[33mwarning[0m[1m: field `version` is never read[0m
   [1m[94m--> [0mcrates/zellij-frontend/src/state.rs:174:5
    [1m[94m|[0m
[1m[94m166[0m [1m[94m|[0m pub struct StateManager {
    [1m[94m|[0m            [1m[94m------------[0m [1m[94mfield in this struct[0m
[1m[94m...[0m
[1m[94m174[0m [1m[94m|[0m     version: u32,
    [1m[94m|[0m     [1m[33m^^^^^^^[0m

[1m[33mwarning[0m: `zellij-frontend` (lib) generated 3 warnings (run `cargo fix --lib -p zellij-frontend` to apply 1 suggestion)
[1m[92m    Checking[0m orchestrator v0.1.0 (/home/lewis/src/oya/crates/orchestrator)
[1m[33mwarning[0m[1m: unused imports: `BeadDetail as IpcBeadDetail` and `BeadSummary`[0m
  [1m[94m--> [0mcrates/orchestrator/src/actors/ipc_worker.rs:45:17
   [1m[94m|[0m
[1m[94m45[0m [1m[94m|[0m     AlertLevel, BeadDetail as IpcBeadDetail, BeadSummary, ComponentHealth, GuestMessage,
   [1m[94m|[0m                 [1m[33m^^^^^^^^^^^^^^^^^^^^^^^^^^^[0m  [1m[33m^^^^^^^^^^^[0m
   [1m[94m|[0m
   [1m[94m= [0m[1mnote[0m: `#[warn(unused_imports)]` (part of `#[warn(unused)]`) on by default

[1m[33mwarning[0m[1m: unused import: `BeadRecord`[0m
  [1m[94m--> [0mcrates/orchestrator/src/actors/ipc_worker.rs:52:26
   [1m[94m|[0m
[1m[94m52[0m [1m[94m|[0m use crate::persistence::{BeadRecord, BeadState, OrchestratorStore};
   [1m[94m|[0m                          [1m[33m^^^^^^^^^^[0m

[1m[33mwarning[0m[1m: unused imports: `DagError`, `DagResult`, `DependencyType`, and `WorkflowDAG`[0m
  [1m[94m--> [0mcrates/orchestrator/src/dag/dependencies.rs:15:18
   [1m[94m|[0m
[1m[94m15[0m [1m[94m|[0m use crate::dag::{DagError, DagResult, DependencyType, WorkflowDAG};
   [1m[94m|[0m                  [1m[33m^^^^^^^^[0m  [1m[33m^^^^^^^^^[0m  [1m[33m^^^^^^^^^^^^^^[0m  [1m[33m^^^^^^^^^^^[0m

[1m[33mwarning[0m[1m: unused variable: `timestamp`[0m
    [1m[94m--> [0mcrates/orchestrator/src/actors/ipc_worker.rs:1020:17
     [1m[94m|[0m
[1m[94m1020[0m [1m[94m|[0m                 timestamp,
     [1m[94m|[0m                 [1m[33m^^^^^^^^^[0m [1m[33mhelp: try ignoring the field: `timestamp: _`[0m
     [1m[94m|[0m
     [1m[94m= [0m[1mnote[0m: `#[warn(unused_variables)]` (part of `#[warn(unused)]`) on by default

[1m[33mwarning[0m[1m: methods `idle_score` and `combined_score` are never used[0m
   [1m[94m--> [0mcrates/orchestrator/src/distribution/sticky.rs:157:8
    [1m[94m|[0m
 [1m[94m71[0m [1m[94m|[0m impl StickyStrategy {
    [1m[94m|[0m [1m[94m-------------------[0m [1m[94mmethods in this implementation[0m
[1m[94m...[0m
[1m[94m157[0m [1m[94m|[0m     fn idle_score(&self, worker_id: &str, ctx: &DistributionContext) -> f64 {
    [1m[94m|[0m        [1m[33m^^^^^^^^^^[0m
[1m[94m...[0m
[1m[94m204[0m [1m[94m|[0m     fn combined_score(&self, worker_id: &str, is_previous: bool, ctx: &DistributionContext) -> f64 {
    [1m[94m|[0m        [1m[33m^^^^^^^^^^^^^^[0m
    [1m[94m|[0m
    [1m[94m= [0m[1mnote[0m: `#[warn(dead_code)]` (part of `#[warn(unused)]`) on by default

[1m[33mwarning[0m[1m: unused `SemaphorePermit` that must be used[0m
   [1m[94m--> [0mcrates/orchestrator/src/actors/storage/surreal_integration.rs:280:9
    [1m[94m|[0m
[1m[94m280[0m [1m[94m|[0m [1m[33m/[0m         self.semaphore
[1m[94m281[0m [1m[94m|[0m [1m[33m|[0m             .acquire()
[1m[94m282[0m [1m[94m|[0m [1m[33m|[0m             .await
[1m[94m283[0m [1m[94m|[0m [1m[33m|[0m             .map_err(|_| SurrealError::PoolExhausted(self.config.max_connections))?;
    [1m[94m|[0m [1m[33m|___________________________________________________________________________________^[0m
    [1m[94m|[0m
    [1m[94m= [0m[1mnote[0m: `#[warn(unused_must_use)]` (part of `#[warn(unused)]`) on by default
[1m[96mhelp[0m: use `let _ = ...` to ignore the resulting value
    [1m[94m|[0m
[1m[94m280[0m [1m[94m| [0m        [92mlet _ = [0mself.semaphore
    [1m[94m|[0m         [92m+++++++[0m

[1m[33mwarning[0m: `orchestrator` (lib) generated 6 warnings (run `cargo fix --lib -p orchestrator` to apply 4 suggestions)
[1m[92m    Checking[0m oya-workflow v0.1.0 (/home/lewis/src/oya/crates/workflow)
[1m[92m    Checking[0m oya v0.1.0 (/home/lewis/src/oya)
[1m[33mwarning[0m[1m: unused imports: `debug` and `warn`[0m
  [1m[94m--> [0msrc/swarm/contract_processor.rs:19:15
   [1m[94m|[0m
[1m[94m19[0m [1m[94m|[0m use tracing::{debug, info, warn};
   [1m[94m|[0m               [1m[33m^^^^^[0m        [1m[33m^^^^[0m
   [1m[94m|[0m
   [1m[94m= [0m[1mnote[0m: `#[warn(unused_imports)]` (part of `#[warn(unused)]`) on by default

[1m[33mwarning[0m[1m: unused import: `warn`[0m
  [1m[94m--> [0msrc/swarm/work_queue.rs:11:28
   [1m[94m|[0m
[1m[94m11[0m [1m[94m|[0m use tracing::{debug, info, warn};
   [1m[94m|[0m                            [1m[33m^^^^[0m

[1m[33mwarning[0m[1m: variable does not need to be mutable[0m
   [1m[94m--> [0msrc/swarm/work_queue.rs:223:13
    [1m[94m|[0m
[1m[94m223[0m [1m[94m|[0m         let mut inner = self.inner.write().await;
    [1m[94m|[0m             [1m[94m----[0m[1m[33m^^^^^[0m
    [1m[94m|[0m             [1m[94m|[0m
    [1m[94m|[0m             [1m[94mhelp: remove this `mut`[0m
    [1m[94m|[0m
    [1m[94m= [0m[1mnote[0m: `#[warn(unused_mut)]` (part of `#[warn(unused)]`) on by default

[1m[33mwarning[0m[1m: struct `HandoffValidationError` is never constructed[0m
  [1m[94m--> [0msrc/swarm/contract_processor.rs:54:12
   [1m[94m|[0m
[1m[94m54[0m [1m[94m|[0m pub struct HandoffValidationError {
   [1m[94m|[0m            [1m[33m^^^^^^^^^^^^^^^^^^^^^^[0m
   [1m[94m|[0m
   [1m[94m= [0m[1mnote[0m: `#[warn(dead_code)]` (part of `#[warn(unused)]`) on by default

[1m[33mwarning[0m[1m: function `find_handoffs` is never used[0m
   [1m[94m--> [0msrc/swarm/handoff.rs:262:8
    [1m[94m|[0m
[1m[94m262[0m [1m[94m|[0m pub fn find_handoffs(handoff_dir: &str, pattern: &str) -> SwarmResult<Vec<HandoffFile>> {
    [1m[94m|[0m        [1m[33m^^^^^^^^^^^^^[0m

[1m[33mwarning[0m[1m: function `find_ready_to_implement` is never used[0m
   [1m[94m--> [0msrc/swarm/handoff.rs:299:8
    [1m[94m|[0m
[1m[94m299[0m [1m[94m|[0m pub fn find_ready_to_implement(handoff_dir: &str) -> SwarmResult<Vec<HandoffFile>> {
    [1m[94m|[0m        [1m[33m^^^^^^^^^^^^^^^^^^^^^^^[0m

[1m[33mwarning[0m[1m: function `find_ready_review` is never used[0m
   [1m[94m--> [0msrc/swarm/handoff.rs:308:8
    [1m[94m|[0m
[1m[94m308[0m [1m[94m|[0m pub fn find_ready_review(handoff_dir: &str) -> SwarmResult<Vec<HandoffFile>> {
    [1m[94m|[0m        [1m[33m^^^^^^^^^^^^^^^^^[0m

[1m[33mwarning[0m[1m: function `transition_handoff` is never used[0m
   [1m[94m--> [0msrc/swarm/handoff.rs:317:8
    [1m[94m|[0m
[1m[94m317[0m [1m[94m|[0m pub fn transition_handoff(
    [1m[94m|[0m        [1m[33m^^^^^^^^^^^^^^^^^^[0m

[1m[33mwarning[0m[1m: function `cleanup_bead_handoffs` is never used[0m
   [1m[94m--> [0msrc/swarm/handoff.rs:358:8
    [1m[94m|[0m
[1m[94m358[0m [1m[94m|[0m pub fn cleanup_bead_handoffs(bead_id: &str, handoff_dir: &str) -> SwarmResult<()> {
    [1m[94m|[0m        [1m[33m^^^^^^^^^^^^^^^^^^^^^[0m

[1m[33mwarning[0m: `oya` (lib) generated 9 warnings (run `cargo fix --lib -p oya` to apply 3 suggestions)
[1m[91merror[E0601][0m[1m: `main` function not found in crate `test_unwrap_hook`[0m
 [1m[94m--> [0mcrates/oya/src/bin/test_unwrap_hook.rs:1:2
  [1m[94m|[0m
[1m[94m1[0m [1m[94m|[0m
  [1m[94m|[0m [1m[91m^[0m [1m[91mconsider adding a `main` function to `crates/oya/src/bin/test_unwrap_hook.rs`[0m

[1mFor more information about this error, try `rustc --explain E0601`.[0m
[1m[91merror[0m: could not compile `oya` (bin "test_unwrap_hook") due to 1 previous error
[1m[33mwarning[0m: build failed, waiting for other jobs to finish...
[1m[91merror[E0432][0m[1m: unresolved import `itertools`[0m
  [1m[94m--> [0msrc/commands/doctor.rs:14:5
   [1m[94m|[0m
[1m[94m14[0m [1m[94m|[0m use itertools::Itertools;
   [1m[94m|[0m     [1m[91m^^^^^^^^^[0m [1m[91muse of unresolved module or unlinked crate `itertools`[0m
   [1m[94m|[0m
   [1m[94m= [0m[1mhelp[0m: if you wanted to use a crate named `itertools`, use `cargo add itertools` to add it to your `Cargo.toml`

[1m[91merror[E0432][0m[1m: unresolved import `itertools`[0m
  [1m[94m--> [0msrc/commands/init.rs:14:5
   [1m[94m|[0m
[1m[94m14[0m [1m[94m|[0m use itertools::Itertools;
   [1m[94m|[0m     [1m[91m^^^^^^^^^[0m [1m[91muse of unresolved module or unlinked crate `itertools`[0m
   [1m[94m|[0m
   [1m[94m= [0m[1mhelp[0m: if you wanted to use a crate named `itertools`, use `cargo add itertools` to add it to your `Cargo.toml`

[1m[91merror[E0432][0m[1m: unresolved import `chrono`[0m
  [1m[94m--> [0msrc/commands/logs.rs:13:5
   [1m[94m|[0m
[1m[94m13[0m [1m[94m|[0m use chrono::{DateTime, Utc};
   [1m[94m|[0m     [1m[91m^^^^^^[0m [1m[91muse of unresolved module or unlinked crate `chrono`[0m
   [1m[94m|[0m
   [1m[94m= [0m[1mhelp[0m: if you wanted to use a crate named `chrono`, use `cargo add chrono` to add it to your `Cargo.toml`

[1m[91merror[E0432][0m[1m: unresolved import `itertools`[0m
  [1m[94m--> [0msrc/commands/logs.rs:15:5
   [1m[94m|[0m
[1m[94m15[0m [1m[94m|[0m use itertools::Itertools;
   [1m[94m|[0m     [1m[91m^^^^^^^^^[0m [1m[91muse of unresolved module or unlinked crate `itertools`[0m
   [1m[94m|[0m
   [1m[94m= [0m[1mhelp[0m: if you wanted to use a crate named `itertools`, use `cargo add itertools` to add it to your `Cargo.toml`

[1m[33mwarning[0m[1m: unused import: `Context`[0m
  [1m[94m--> [0msrc/commands/init.rs:12:14
   [1m[94m|[0m
[1m[94m12[0m [1m[94m|[0m use anyhow::{Context, Result};
   [1m[94m|[0m              [1m[33m^^^^^^^[0m
   [1m[94m|[0m
   [1m[94m= [0m[1mnote[0m: `#[warn(unused_imports)]` (part of `#[warn(unused)]`) on by default

[1m[33mwarning[0m[1m: unused import: `Context`[0m
  [1m[94m--> [0msrc/commands/logs.rs:12:14
   [1m[94m|[0m
[1m[94m12[0m [1m[94m|[0m use anyhow::{Context, Result};
   [1m[94m|[0m              [1m[33m^^^^^^^[0m

[1m[33mwarning[0m[1m: unused imports: `DoctorError` and `DoctorOutput`[0m
  [1m[94m--> [0msrc/commands/mod.rs:21:30
   [1m[94m|[0m
[1m[94m21[0m [1m[94m|[0m pub use doctor::{DoctorArgs, DoctorError, DoctorOutput, doctor_command};
   [1m[94m|[0m                              [1m[33m^^^^^^^^^^^[0m  [1m[33m^^^^^^^^^^^^[0m

[1m[33mwarning[0m[1m: unused imports: `InitError` and `InitOutput`[0m
  [1m[94m--> [0msrc/commands/mod.rs:22:26
   [1m[94m|[0m
[1m[94m22[0m [1m[94m|[0m pub use init::{InitArgs, InitError, InitOutput, init_command};
   [1m[94m|[0m                          [1m[33m^^^^^^^^^[0m  [1m[33m^^^^^^^^^^[0m

[1m[33mwarning[0m[1m: unused imports: `LogsError` and `LogsOutput`[0m
  [1m[94m--> [0msrc/commands/mod.rs:23:26
   [1m[94m|[0m
[1m[94m23[0m [1m[94m|[0m pub use logs::{LogsArgs, LogsError, LogsOutput, logs_command};
   [1m[94m|[0m                          [1m[33m^^^^^^^^^[0m  [1m[33m^^^^^^^^^^[0m

[1m[91merror[E0599][0m[1m: no method named `join` found for struct `std::iter::Map<I, F>` in the current scope[0m
   [1m[94m--> [0msrc/commands/logs.rs:398:66
    [1m[94m|[0m
[1m[94m398[0m [1m[94m|[0m     let content = entries.iter().map(|entry| format!("{entry}")).join("\n");
    [1m[94m|[0m                   [1m[94m-------[0m                                        [1m[91m^^^^[0m [1m[91mmethod not found in `std::iter::Map<std::slice::Iter<'_, LogEntry>, {closure@src/commands/logs.rs:398:38: 398:45}>`[0m
    [1m[94m|[0m                   [1m[94m|[0m
    [1m[94m|[0m                   [1m[94mmethod `join` is available on `&[LogEntry]`[0m
    [1m[94m|[0m
    [1m[94m= [0m[1mhelp[0m: items from traits can only be used if the trait is in scope
[1m[96mhelp[0m: the following traits which provide `join` are implemented but not in scope; perhaps you want to import one of them
    [1m[94m|[0m
 [1m[94m12[0m [92m+ use itertools::Itertools;[0m
    [1m[94m|[0m
 [1m[94m12[0m [92m+ use itertools::Itertools;[0m
    [1m[94m|[0m
 [1m[94m12[0m [92m+ use itertools::Itertools;[0m
    [1m[94m|[0m

[1m[91merror[E0282][0m[1m: type annotations needed[0m
   [1m[94m--> [0msrc/commands/logs.rs:403:5
    [1m[94m|[0m
[1m[94m403[0m [1m[94m|[0m [1m[91m/[0m     fs::write(&temp_path, content)
[1m[94m404[0m [1m[94m|[0m [1m[91m|[0m         .await
    [1m[94m|[0m [1m[91m|______________^[0m [1m[91mcannot infer type[0m

[1m[91merror[E0599][0m[1m: no method named `join` found for struct `std::iter::Filter<I, P>` in the current scope[0m
   [1m[94m--> [0msrc/commands/init.rs:360:10
    [1m[94m|[0m
[1m[94m354[0m [1m[94m|[0m [1m[94m/[0m     name.to_lowercase()
[1m[94m355[0m [1m[94m|[0m [1m[94m|[0m         .chars()
[1m[94m356[0m [1m[94m|[0m [1m[94m|[0m         .map(|c| if c.is_alphanumeric() { c } else { '-' })
[1m[94m357[0m [1m[94m|[0m [1m[94m|[0m         .collect::<String>()
[1m[94m358[0m [1m[94m|[0m [1m[94m|[0m         .split('-')
[1m[94m359[0m [1m[94m|[0m [1m[94m|[0m         .filter(|s| !s.is_empty())
[1m[94m360[0m [1m[94m|[0m [1m[94m|[0m         .join("-")
    [1m[94m|[0m [1m[94m|[0m         [1m[94m-[0m[1m[91m^^^^[0m [1m[91mmethod not found in `std::iter::Filter<std::str::Split<'_, char>, {closure@src/commands/init.rs:359:17: 359:20}>`[0m
    [1m[94m|[0m [1m[94m|_________|[0m
    [1m[94m|[0m
    [1m[94m|[0m
    [1m[94m= [0m[1mhelp[0m: items from traits can only be used if the trait is in scope
[1m[96mhelp[0m: the following traits which provide `join` are implemented but not in scope; perhaps you want to import one of them
    [1m[94m|[0m
 [1m[94m12[0m [92m+ use itertools::Itertools;[0m
    [1m[94m|[0m
 [1m[94m12[0m [92m+ use itertools::Itertools;[0m
    [1m[94m|[0m
 [1m[94m12[0m [92m+ use itertools::Itertools;[0m
    [1m[94m|[0m

[1m[91merror[E0599][0m[1m: no method named `join` found for struct `SkipWhile<I, P>` in the current scope[0m
   [1m[94m--> [0msrc/commands/logs.rs:226:67
    [1m[94m|[0m
[1m[94m226[0m [1m[94m|[0m     let message = rest.split(' ').skip_while(|s| s.contains('=')).join(" ");
    [1m[94m|[0m                                                                   [1m[91m^^^^[0m [1m[91mmethod not found in `SkipWhile<std::str::Split<'_, char>, {closure@src/commands/logs.rs:226:46: 226:49}>`[0m
    [1m[94m|[0m
    [1m[94m= [0m[1mhelp[0m: items from traits can only be used if the trait is in scope
[1m[96mhelp[0m: the following traits which provide `join` are implemented but not in scope; perhaps you want to import one of them
    [1m[94m|[0m
 [1m[94m12[0m [92m+ use itertools::Itertools;[0m
    [1m[94m|[0m
 [1m[94m12[0m [92m+ use itertools::Itertools;[0m
    [1m[94m|[0m
 [1m[94m12[0m [92m+ use itertools::Itertools;[0m
    [1m[94m|[0m

[1m[91merror[E0599][0m[1m: no method named `sorted_by` found for struct `std::vec::IntoIter<T, A>` in the current scope[0m
   [1m[94m--> [0msrc/commands/logs.rs:313:10
    [1m[94m|[0m
[1m[94m311[0m [1m[94m|[0m [1m[94m/[0m     entries
[1m[94m312[0m [1m[94m|[0m [1m[94m|[0m         .into_iter()
[1m[94m313[0m [1m[94m|[0m [1m[94m|[0m         .sorted_by(|a, b| a.timestamp.cmp(&b.timestamp))
    [1m[94m|[0m [1m[94m|_________-[0m[1m[91m^^^^^^^^^[0m
    [1m[94m|[0m
    [1m[94m= [0m[1mhelp[0m: items from traits can only be used if the trait is in scope
[1m[96mhelp[0m: the following traits which provide `sorted_by` are implemented but not in scope; perhaps you want to import one of them
    [1m[94m|[0m
 [1m[94m12[0m [92m+ use itertools::Itertools;[0m
    [1m[94m|[0m
 [1m[94m12[0m [92m+ use itertools::Itertools;[0m
    [1m[94m|[0m
 [1m[94m12[0m [92m+ use itertools::Itertools;[0m
    [1m[94m|[0m
[1m[96mhelp[0m: there is a method `is_sorted_by` with a similar name
    [1m[94m|[0m
[1m[94m313[0m [1m[94m| [0m        .[92mis_[0msorted_by(|a, b| a.timestamp.cmp(&b.timestamp))
    [1m[94m|[0m          [92m+++[0m

[1mSome errors have detailed explanations: E0282, E0432, E0599.[0m
[1mFor more information about an error, try `rustc --explain E0282`.[0m
[1m[33mwarning[0m: `oya` (bin "oya") generated 5 warnings
[1m[91merror[0m: could not compile `oya` (bin "oya") due to 9 previous errors; 5 warnings emitted