[1m[33mwarning[0m: profiles for the non root package will be ignored, specify profiles at the workspace root:
package:   /home/lewis/src/oya/crates/zellij-frontend/Cargo.toml
workspace: /home/lewis/src/oya/Cargo.toml
[1m[33mwarning[0m: profiles for the non root package will be ignored, specify profiles at the workspace root:
package:   /home/lewis/src/oya/crates/oya-zellij-plugin/Cargo.toml
workspace: /home/lewis/src/oya/Cargo.toml
[1m[92m    Blocking[0m waiting for file lock on package cache
[1m[92m    Blocking[0m waiting for file lock on package cache
[1m[92m    Blocking[0m waiting for file lock on package cache
[1m[92m    Blocking[0m waiting for file lock on package cache
[1m[92m    Checking[0m oya-core v0.1.0 (/home/lewis/src/oya/crates/core)
[1m[92m    Checking[0m oya-pipeline v0.1.0 (/home/lewis/src/oya/crates/pipeline)
[1m[92m    Checking[0m oya-ui-components v0.1.0 (/home/lewis/src/oya/crates/oya-ui-components)
[1m[92m    Checking[0m zellij-frontend v0.1.0 (/home/lewis/src/oya/crates/zellij-frontend)
[1m[33mwarning[0m[1m: function `textwrap` is never used[0m
   [1m[94m--> [0mcrates/oya-zellij-plugin/src/render.rs:431:4
    [1m[94m|[0m
[1m[94m431[0m [1m[94m|[0m fn textwrap(text: &str, width: usize) -> Vec<String> {
    [1m[94m|[0m    [1m[33m^^^^^^^^[0m
    [1m[94m|[0m
    [1m[94m= [0m[1mnote[0m: `#[warn(dead_code)]` (part of `#[warn(unused)]`) on by default

[1m[33mwarning[0m: `oya-zellij-plugin` (lib) generated 1 warning
[1m[91merror[E0583][0m[1m: file not found for module `stage`[0m
  [1m[94m--> [0mcrates/core/src/lib.rs:11:1
   [1m[94m|[0m
[1m[94m11[0m [1m[94m|[0m pub mod stage;
   [1m[94m|[0m [1m[91m^^^^^^^^^^^^^^[0m
   [1m[94m|[0m
   [1m[94m= [0m[1mhelp[0m: to create the module `stage`, create file "crates/core/src/stage.rs" or "crates/core/src/stage/mod.rs"
   [1m[94m= [0m[1mnote[0m: if there is a `mod stage` elsewhere in the crate already, import it with `use crate::...` instead

[1m[91merror[E0583][0m[1m: file not found for module `task`[0m
  [1m[94m--> [0mcrates/core/src/lib.rs:12:1
   [1m[94m|[0m
[1m[94m12[0m [1m[94m|[0m pub mod task;
   [1m[94m|[0m [1m[91m^^^^^^^^^^^^^[0m
   [1m[94m|[0m
   [1m[94m= [0m[1mhelp[0m: to create the module `task`, create file "crates/core/src/task.rs" or "crates/core/src/task/mod.rs"
   [1m[94m= [0m[1mnote[0m: if there is a `mod task` elsewhere in the crate already, import it with `use crate::...` instead

[1m[91merror[E0432][0m[1m: unresolved import `chrono`[0m
 [1m[94m--> [0mcrates/core/src/workflow.rs:4:5
  [1m[94m|[0m
[1m[94m4[0m [1m[94m|[0m use chrono::{DateTime, Utc};
  [1m[94m|[0m     [1m[91m^^^^^^[0m [1m[91muse of unresolved module or unlinked crate `chrono`[0m
  [1m[94m|[0m
  [1m[94m= [0m[1mhelp[0m: if you wanted to use a crate named `chrono`, use `cargo add chrono` to add it to your `Cargo.toml`

[1m[91merror[E0432][0m[1m: unresolved imports `error::OyaError`, `error::OyaResult`[0m
  [1m[94m--> [0mcrates/core/src/lib.rs:17:17
   [1m[94m|[0m
[1m[94m17[0m [1m[94m|[0m pub use error::{OyaError, OyaResult};
   [1m[94m|[0m                 [1m[91m^^^^^^^^[0m  [1m[91m^^^^^^^^^[0m [1m[91mno `OyaResult` in `error`[0m
   [1m[94m|[0m                 [1m[91m|[0m
   [1m[94m|[0m                 [1m[91mno `OyaError` in `error`[0m

[1m[91merror[E0432][0m[1m: unresolved import `chrono`[0m
  [1m[94m--> [0mcrates/core/src/execution.rs:26:5
   [1m[94m|[0m
[1m[94m26[0m [1m[94m|[0m use chrono::{DateTime, Utc};
   [1m[94m|[0m     [1m[91m^^^^^^[0m [1m[91muse of unresolved module or unlinked crate `chrono`[0m
   [1m[94m|[0m
   [1m[94m= [0m[1mhelp[0m: if you wanted to use a crate named `chrono`, use `cargo add chrono` to add it to your `Cargo.toml`

[1m[91merror[E0433][0m[1m: failed to resolve: use of unresolved module or unlinked crate `tokio`[0m
    [1m[94m--> [0mcrates/core/src/execution.rs:1201:3
     [1m[94m|[0m
[1m[94m1201[0m [1m[94m|[0m #[tokio::test]
     [1m[94m|[0m   [1m[91m^^^^^[0m [1m[91muse of unresolved module or unlinked crate `tokio`[0m

[1m[91merror[E0433][0m[1m: failed to resolve: use of unresolved module or unlinked crate `tokio`[0m
    [1m[94m--> [0mcrates/core/src/execution.rs:1236:3
     [1m[94m|[0m
[1m[94m1236[0m [1m[94m|[0m #[tokio::test]
     [1m[94m|[0m   [1m[91m^^^^^[0m [1m[91muse of unresolved module or unlinked crate `tokio`[0m

[1m[91merror[E0433][0m[1m: failed to resolve: use of unresolved module or unlinked crate `oya_events`[0m
   [1m[94m--> [0mcrates/core/src/execution.rs:492:41
    [1m[94m|[0m
[1m[94m492[0m [1m[94m|[0m                     let _ = bus.publish(oya_events::BeadEvent::Completed {
    [1m[94m|[0m                                         [1m[91m^^^^^^^^^^[0m [1m[91muse of unresolved module or unlinked crate `oya_events`[0m
    [1m[94m|[0m
    [1m[94m= [0m[1mhelp[0m: if you wanted to use a crate named `oya_events`, use `cargo add oya_events` to add it to your `Cargo.toml`

[1m[91merror[E0433][0m[1m: failed to resolve: use of unresolved module or unlinked crate `oya_events`[0m
   [1m[94m--> [0mcrates/core/src/execution.rs:539:41
    [1m[94m|[0m
[1m[94m539[0m [1m[94m|[0m                     let _ = bus.publish(oya_events::BeadEvent::StateChanged {
    [1m[94m|[0m                                         [1m[91m^^^^^^^^^^[0m [1m[91muse of unresolved module or unlinked crate `oya_events`[0m
    [1m[94m|[0m
    [1m[94m= [0m[1mhelp[0m: if you wanted to use a crate named `oya_events`, use `cargo add oya_events` to add it to your `Cargo.toml`

[1m[91merror[E0433][0m[1m: failed to resolve: use of unresolved module or unlinked crate `oya_events`[0m
   [1m[94m--> [0mcrates/core/src/execution.rs:541:31
    [1m[94m|[0m
[1m[94m541[0m [1m[94m|[0m                         from: oya_events::BeadState::Completed,
    [1m[94m|[0m                               [1m[91m^^^^^^^^^^[0m [1m[91muse of unresolved module or unlinked crate `oya_events`[0m
    [1m[94m|[0m
    [1m[94m= [0m[1mhelp[0m: if you wanted to use a crate named `oya_events`, use `cargo add oya_events` to add it to your `Cargo.toml`

[1m[91merror[E0433][0m[1m: failed to resolve: use of unresolved module or unlinked crate `oya_events`[0m
   [1m[94m--> [0mcrates/core/src/execution.rs:542:29
    [1m[94m|[0m
[1m[94m542[0m [1m[94m|[0m                         to: oya_events::BeadState::Failed,
    [1m[94m|[0m                             [1m[91m^^^^^^^^^^[0m [1m[91muse of unresolved module or unlinked crate `oya_events`[0m
    [1m[94m|[0m
    [1m[94m= [0m[1mhelp[0m: if you wanted to use a crate named `oya_events`, use `cargo add oya_events` to add it to your `Cargo.toml`

[1m[91merror[E0433][0m[1m: failed to resolve: use of unresolved module or unlinked crate `tokio`[0m
   [1m[94m--> [0mcrates/core/src/execution.rs:354:9
    [1m[94m|[0m
[1m[94m354[0m [1m[94m|[0m         tokio::fs::write(&temp_path, json)
    [1m[94m|[0m         [1m[91m^^^^^[0m [1m[91muse of unresolved module or unlinked crate `tokio`[0m
    [1m[94m|[0m
    [1m[94m= [0m[1mhelp[0m: if you wanted to use a crate named `tokio`, use `cargo add tokio` to add it to your `Cargo.toml`
[1m[96mhelp[0m: consider importing this module
    [1m[94m|[0m
 [1m[94m25[0m [92m+ use std::fs;[0m
    [1m[94m|[0m
[1m[96mhelp[0m: if you import `fs`, refer to it directly
    [1m[94m|[0m
[1m[94m354[0m [91m- [0m        [91mtokio::[0mfs::write(&temp_path, json)
[1m[94m354[0m [92m+ [0m        fs::write(&temp_path, json)
    [1m[94m|[0m

[1m[91merror[E0433][0m[1m: failed to resolve: use of unresolved module or unlinked crate `tokio`[0m
   [1m[94m--> [0mcrates/core/src/execution.rs:363:9
    [1m[94m|[0m
[1m[94m363[0m [1m[94m|[0m         tokio::fs::rename(&temp_path, &final_path)
    [1m[94m|[0m         [1m[91m^^^^^[0m [1m[91muse of unresolved module or unlinked crate `tokio`[0m
    [1m[94m|[0m
    [1m[94m= [0m[1mhelp[0m: if you wanted to use a crate named `tokio`, use `cargo add tokio` to add it to your `Cargo.toml`
[1m[96mhelp[0m: consider importing this module
    [1m[94m|[0m
 [1m[94m25[0m [92m+ use std::fs;[0m
    [1m[94m|[0m
[1m[96mhelp[0m: if you import `fs`, refer to it directly
    [1m[94m|[0m
[1m[94m363[0m [91m- [0m        [91mtokio::[0mfs::rename(&temp_path, &final_path)
[1m[94m363[0m [92m+ [0m        fs::rename(&temp_path, &final_path)
    [1m[94m|[0m

[1m[91merror[E0433][0m[1m: failed to resolve: use of unresolved module or unlinked crate `tokio`[0m
   [1m[94m--> [0mcrates/core/src/execution.rs:378:23
    [1m[94m|[0m
[1m[94m378[0m [1m[94m|[0m         let content = tokio::fs::read_to_string(path).await.map_err(|e| {
    [1m[94m|[0m                       [1m[91m^^^^^[0m [1m[91muse of unresolved module or unlinked crate `tokio`[0m
    [1m[94m|[0m
    [1m[94m= [0m[1mhelp[0m: if you wanted to use a crate named `tokio`, use `cargo add tokio` to add it to your `Cargo.toml`
[1m[96mhelp[0m: consider importing this module
    [1m[94m|[0m
 [1m[94m25[0m [92m+ use std::fs;[0m
    [1m[94m|[0m
[1m[96mhelp[0m: if you import `fs`, refer to it directly
    [1m[94m|[0m
[1m[94m378[0m [91m- [0m        let content = [91mtokio::[0mfs::read_to_string(path).await.map_err(|e| {
[1m[94m378[0m [92m+ [0m        let content = fs::read_to_string(path).await.map_err(|e| {
    [1m[94m|[0m

[1m[91merror[E0282][0m[1m: type annotations needed[0m
   [1m[94m--> [0mcrates/core/src/execution.rs:354:9
    [1m[94m|[0m
[1m[94m354[0m [1m[94m|[0m [1m[91m/[0m         tokio::fs::write(&temp_path, json)
[1m[94m355[0m [1m[94m|[0m [1m[91m|[0m             .await
    [1m[94m|[0m [1m[91m|__________________^[0m [1m[91mcannot infer type[0m

[1m[91merror[E0282][0m[1m: type annotations needed[0m
   [1m[94m--> [0mcrates/core/src/execution.rs:363:9
    [1m[94m|[0m
[1m[94m363[0m [1m[94m|[0m [1m[91m/[0m         tokio::fs::rename(&temp_path, &final_path)
[1m[94m364[0m [1m[94m|[0m [1m[91m|[0m             .await
    [1m[94m|[0m [1m[91m|__________________^[0m [1m[91mcannot infer type[0m

[1m[91merror[E0282][0m[1m: type annotations needed[0m
   [1m[94m--> [0mcrates/core/src/execution.rs:378:23
    [1m[94m|[0m
[1m[94m378[0m [1m[94m|[0m         let content = tokio::fs::read_to_string(path).await.map_err(|e| {
    [1m[94m|[0m                       [1m[91m^^^^^^^^^^^^^^^^^^^^^^^^^^^^^^^^^^^^^[0m [1m[91mcannot infer type[0m

[1m[91merror[E0433][0m[1m: failed to resolve: use of unresolved module or unlinked crate `tempfile`[0m
    [1m[94m--> [0mcrates/core/src/execution.rs:1203:20
     [1m[94m|[0m
[1m[94m1203[0m [1m[94m|[0m     let temp_dir = tempfile::tempdir().expect("Failed to create temp dir");
     [1m[94m|[0m                    [1m[91m^^^^^^^^[0m [1m[91muse of unresolved module or unlinked crate `tempfile`[0m
     [1m[94m|[0m
     [1m[94m= [0m[1mhelp[0m: if you wanted to use a crate named `tempfile`, use `cargo add tempfile` to add it to your `Cargo.toml`

[1m[91merror[E0433][0m[1m: failed to resolve: use of undeclared type `Task`[0m
    [1m[94m--> [0mcrates/core/src/execution.rs:1211:17
     [1m[94m|[0m
[1m[94m1211[0m [1m[94m|[0m     let task1 = Task::new("task-1", "Task 1", "First task").expect("Failed to create task");
     [1m[94m|[0m                 [1m[91m^^^^[0m [1m[91muse of undeclared type `Task`[0m

[1m[91merror[E0433][0m[1m: failed to resolve: use of unresolved module or unlinked crate `tempfile`[0m
    [1m[94m--> [0mcrates/core/src/execution.rs:1238:20
     [1m[94m|[0m
[1m[94m1238[0m [1m[94m|[0m     let temp_dir = tempfile::tempdir().expect("Failed to create temp dir");
     [1m[94m|[0m                    [1m[91m^^^^^^^^[0m [1m[91muse of unresolved module or unlinked crate `tempfile`[0m
     [1m[94m|[0m
     [1m[94m= [0m[1mhelp[0m: if you wanted to use a crate named `tempfile`, use `cargo add tempfile` to add it to your `Cargo.toml`

[1m[91merror[E0282][0m[1m: type annotations needed for `(_, _)`[0m
   [1m[94m--> [0mcrates/core/src/execution.rs:164:19
    [1m[94m|[0m
[1m[94m164[0m [1m[94m|[0m             .map(|(id, task)| {
    [1m[94m|[0m                   [1m[91m^^^^^^^^^^[0m
[1m[94m165[0m [1m[94m|[0m                 (
[1m[94m166[0m [1m[94m|[0m                     id.clone(),
    [1m[94m|[0m                     [1m[94m--[0m [1m[94mtype must be known at this point[0m
    [1m[94m|[0m
[1m[96mhelp[0m: consider giving this closure parameter an explicit type, where the placeholders `_` are specified
    [1m[94m|[0m
[1m[94m164[0m [1m[94m| [0m            .map(|(id, task)[92m: (_, _)[0m| {
    [1m[94m|[0m                             [92m++++++++[0m

[1m[91merror[E0282][0m[1m: type annotations needed for `({type error}, _)`[0m
   [1m[94m--> [0mcrates/core/src/execution.rs:164:19
    [1m[94m|[0m
[1m[94m164[0m [1m[94m|[0m             .map(|(id, task)| {
    [1m[94m|[0m                   [1m[91m^^^^^^^^^^[0m
[1m[94m...[0m
[1m[94m167[0m [1m[94m|[0m                     if task.is_complete() {
    [1m[94m|[0m                        [1m[94m----[0m [1m[94mtype must be known at this point[0m
    [1m[94m|[0m
[1m[96mhelp[0m: consider giving this closure parameter an explicit type, where the placeholders `_` are specified
    [1m[94m|[0m
[1m[94m164[0m [1m[94m| [0m            .map(|(id, task)[92m: (_, _)[0m| {
    [1m[94m|[0m                             [92m++++++++[0m

[1m[91merror[E0282][0m[1m: type annotations needed[0m
   [1m[94m--> [0mcrates/core/src/execution.rs:221:30
    [1m[94m|[0m
[1m[94m221[0m [1m[94m|[0m             in_degree.insert(task_id.clone(), 0);
    [1m[94m|[0m                              [1m[91m^^^^^^^[0m [1m[91mcannot infer type[0m

[1m[91merror[E0282][0m[1m: type annotations needed[0m
   [1m[94m--> [0mcrates/core/src/visualization.rs:365:33
    [1m[94m|[0m
[1m[94m365[0m [1m[94m|[0m             longest_dist.insert(task_id.clone(), 0);
    [1m[94m|[0m                                 [1m[91m^^^^^^^[0m [1m[91mcannot infer type[0m

[1m[91merror[E0277][0m[1m: the size for values of type `str` cannot be known at compilation time[0m
   [1m[94m--> [0mcrates/core/src/visualization.rs:382:13
    [1m[94m|[0m
[1m[94m382[0m [1m[94m|[0m         for source in sources {
    [1m[94m|[0m             [1m[91m^^^^^^[0m [1m[91mdoesn't have a size known at compile-time[0m
    [1m[94m|[0m
    [1m[94m= [0m[1mhelp[0m: the trait `Sized` is not implemented for `str`
    [1m[94m= [0m[1mnote[0m: all local variables must have a statically known size

[1m[91merror[E0277][0m[1m: the size for values of type `str` cannot be known at compilation time[0m
   [1m[94m--> [0mcrates/core/src/visualization.rs:382:9
    [1m[94m|[0m
[1m[94m382[0m [1m[94m|[0m [1m[91m/[0m         for source in sources {
[1m[94m383[0m [1m[94m|[0m [1m[91m|[0m             self.find_longest_path(workflow, &source, &mut longest_dist, &mut visited);
[1m[94m384[0m [1m[94m|[0m [1m[91m|[0m         }
    [1m[94m|[0m [1m[91m|_________^[0m [1m[91mdoesn't have a size known at compile-time[0m
    [1m[94m|[0m
    [1m[94m= [0m[1mhelp[0m: the trait `Sized` is not implemented for `str`
[1m[92mnote[0m: required by a bound in `std::prelude::v1::None`
   [1m[94m--> [0m/home/lewis/.rustup/toolchains/stable-x86_64-unknown-linux-gnu/lib/rustlib/src/rust/library/core/src/option.rs:599:17
    [1m[94m|[0m
[1m[94m599[0m [1m[94m|[0m pub enum Option<T> {
    [1m[94m|[0m                 [1m[92m^[0m [1m[92mrequired by this bound in `Option::None`[0m
[1m[94m...[0m
[1m[94m603[0m [1m[94m|[0m     None,
    [1m[94m|[0m     [1m[94m----[0m [1m[94mrequired by a bound in this variant[0m

[1m[91merror[E0277][0m[1m: the size for values of type `str` cannot be known at compilation time[0m
   [1m[94m--> [0mcrates/core/src/visualization.rs:382:23
    [1m[94m|[0m
[1m[94m382[0m [1m[94m|[0m         for source in sources {
    [1m[94m|[0m                       [1m[91m^^^^^^^[0m [1m[91mdoesn't have a size known at compile-time[0m
    [1m[94m|[0m
    [1m[94m= [0m[1mhelp[0m: the trait `Sized` is not implemented for `str`
[1m[92mnote[0m: required by an implicit `Sized` bound in `std::option::Option`
   [1m[94m--> [0m/home/lewis/.rustup/toolchains/stable-x86_64-unknown-linux-gnu/lib/rustlib/src/rust/library/core/src/option.rs:599:17
    [1m[94m|[0m
[1m[94m599[0m [1m[94m|[0m pub enum Option<T> {
    [1m[94m|[0m                 [1m[92m^[0m [1m[92mrequired by the implicit `Sized` requirement on this type parameter in `Option`[0m

[1m[91merror[E0282][0m[1m: type annotations needed[0m
   [1m[94m--> [0mcrates/core/src/visualization.rs:441:26
    [1m[94m|[0m
[1m[94m441[0m [1m[94m|[0m                 .filter(|id| {
    [1m[94m|[0m                          [1m[91m^^[0m
[1m[94m442[0m [1m[94m|[0m                     !assigned.contains(id.as_str())
    [1m[94m|[0m                                        [1m[94m--[0m [1m[94mtype must be known at this point[0m
    [1m[94m|[0m
[1m[96mhelp[0m: consider giving this closure parameter an explicit type
    [1m[94m|[0m
[1m[94m441[0m [1m[94m| [0m                .filter(|id[92m: /* Type */[0m| {
    [1m[94m|[0m                            [92m++++++++++++[0m

[1m[91merror[E0282][0m[1m: type annotations needed[0m
   [1m[94m--> [0mcrates/core/src/visualization.rs:454:36
    [1m[94m|[0m
[1m[94m454[0m [1m[94m|[0m             ready.iter().for_each(|id| {
    [1m[94m|[0m                                    [1m[91m^^[0m
[1m[94m455[0m [1m[94m|[0m                 assigned.insert(id.clone());
    [1m[94m|[0m                                 [1m[94m--[0m [1m[94mtype must be known at this point[0m
    [1m[94m|[0m
[1m[96mhelp[0m: consider giving this closure parameter an explicit type
    [1m[94m|[0m
[1m[94m454[0m [1m[94m| [0m            ready.iter().for_each(|id[92m: /* Type */[0m| {
    [1m[94m|[0m                                      [92m++++++++++++[0m

[1m[91merror[E0282][0m[1m: type annotations needed[0m
   [1m[94m--> [0mcrates/core/src/workflow.rs:198:12
    [1m[94m|[0m
[1m[94m198[0m [1m[94m|[0m         if task.is_complete() {
    [1m[94m|[0m            [1m[91m^^^^[0m [1m[91mcannot infer type[0m

[1m[91merror[E0599][0m[1m: no method named `generate_request_id` found for struct `CorrelationContext` in the current scope[0m
  [1m[94m--> [0mcrates/zellij-frontend/src/ipc.rs:94:52
   [1m[94m|[0m
[1m[94m94[0m [1m[94m|[0m         let request_id = self._correlation_context.generate_request_id();
   [1m[94m|[0m                                                    [1m[91m^^^^^^^^^^^^^^^^^^^[0m
   [1m[94m|[0m
  [1m[94m::: [0mcrates/zellij-frontend/src/correlation.rs:57:1
   [1m[94m|[0m
[1m[94m57[0m [1m[94m|[0m pub struct CorrelationContext {
   [1m[94m|[0m [1m[94m-----------------------------[0m [1m[94mmethod `generate_request_id` not found for this struct[0m
   [1m[94m|[0m
[1m[96mhelp[0m: there is a method `request_id` with a similar name
   [1m[94m|[0m
[1m[94m94[0m [91m- [0m        let request_id = self._correlation_context.[91mgenerate_request_id[0m();
[1m[94m94[0m [92m+ [0m        let request_id = self._correlation_context.[92mrequest_id[0m();
   [1m[94m|[0m

[1m[91merror[E0433][0m[1m: failed to resolve: use of unresolved module or unlinked crate `oya_events`[0m
   [1m[94m--> [0mcrates/core/src/execution.rs:121:27
    [1m[94m|[0m
[1m[94m121[0m [1m[94m|[0m     event_bus: Option<Arc<oya_events::EventBus>>,
    [1m[94m|[0m                           [1m[91m^^^^^^^^^^[0m [1m[91muse of unresolved module or unlinked crate `oya_events`[0m
    [1m[94m|[0m
    [1m[94m= [0m[1mhelp[0m: if you wanted to use a crate named `oya_events`, use `cargo add oya_events` to add it to your `Cargo.toml`

[1m[91merror[E0433][0m[1m: failed to resolve: use of unresolved module or unlinked crate `oya_events`[0m
   [1m[94m--> [0mcrates/core/src/execution.rs:137:52
    [1m[94m|[0m
[1m[94m137[0m [1m[94m|[0m     pub fn with_event_bus(mut self, event_bus: Arc<oya_events::EventBus>) -> Self {
    [1m[94m|[0m                                                    [1m[91m^^^^^^^^^^[0m [1m[91muse of unresolved module or unlinked crate `oya_events`[0m
    [1m[94m|[0m
    [1m[94m= [0m[1mhelp[0m: if you wanted to use a crate named `oya_events`, use `cargo add oya_events` to add it to your `Cargo.toml`

[1mSome errors have detailed explanations: E0277, E0282, E0432, E0433, E0583.[0m
[1mFor more information about an error, try `rustc --explain E0277`.[0m
[1m[91merror[0m: could not compile `oya-core` (lib) due to 32 previous errors
[1m[33mwarning[0m: build failed, waiting for other jobs to finish...
[1mFor more information about this error, try `rustc --explain E0599`.[0m
[1m[91merror[0m: could not compile `zellij-frontend` (lib) due to 1 previous error